<ART JID="jobojos" AID="1" VOL="1" ISSUE="1" FPAGE="1" LPAGE="1">

<COPYRIGHT MO="09" YR="1999">1999 by The Journal of Something.</COPYRIGHT>

<DOCHEAD>Journal Article</DOCHEAD>

<DOCTOPIC>Journal Articles</DOCTOPIC>



<FM>





<ATL>SOME TItle <SBT>By Allantoin Occurring in something</SBT></ATL>

<AUG>


<AU><FNM>John</FNM><SNM>OYBKUS</SNM></AU>






</AUG>









<ABS>

<P>LORE IPSE BOMUN.</P>

</ABS>



</FM></ART>
